// Jest Snapshot v1, https://goo.gl/fbAQLP

exports[`renders correctly 1`] = `
<div
  className="jumbotron jumbotron-fluid"
>
  <div
    className="WebHeader"
  >
    <div />
    <div
      className="col-md-4"
    />
    <div
      className="col-md-4 margin-top-30"
    >
      <center>
        <h3>
          Login
        </h3>
        <br />
        <div
          className="enter-form"
        >
          <input
            className="form-control"
            onKeyPress={[Function]}
            placeholder="Email Address"
            type="email"
          />
          <br />
          <input
            className="form-control"
            onKeyPress={[Function]}
            placeholder="Password"
            type="password"
          />
          <br />
          <button
            className="btn"
            onClick={[Function]}
          >
            Login
          </button>
          <br />
          <div
            className="linking"
          >
            No account?
            <a
              onClick={[Function]}
              style={Object {}}
            >
              Sign Up!
            </a>
          </div>
        </div>
      </center>
    </div>
    <div
      className="col-md-4"
    />
  </div>
</div>
`;
